# ok | 档位=easy | 字符数=3890 | 耗时=0.12s | 域名记忆=python.org
---
**Notice:** This page displays a fallback because interactive scripts did not run. Possible causes include disabled JavaScript or failure to load scripts or stylesheets.

## Getting Started

Python can be easy to pick up whether you're a first time programmer or you're experienced with other languages. The following pages are a useful first step to get on your way writing programs with Python!

  * [Beginner's Guide, Programmers](https://wiki.python.org/moin/BeginnersGuide/Programmers)
  * [Beginner's Guide, Non-Programmers](https://wiki.python.org/moin/BeginnersGuide/NonProgrammers)
  * [Beginner's Guide, Download & Installation](https://wiki.python.org/moin/BeginnersGuide/Download)
  * [Code sample and snippets for Beginners](https://wiki.python.org/moin/BeginnersGuide/Examples)



## Friendly & Easy to Learn

The community hosts conferences and meetups, collaborates on code, and much more. Python's documentation will help you along the way, and the mailing lists will keep you in touch.

  * [Conferences and Workshops](/community/workshops/)
  * [Python Documentation](http://docs.python.org)
  * [](/community/lists)Mailing Lists and [IRC channels](/community/irc/)



## Applications

The [Python Package Index (PyPI)](https://pypi.python.org) hosts thousands of third-party modules for Python. Both Python's standard library and the community-contributed modules allow for endless possibilities.

  * [Web and Internet Development](/about/apps/#web-and-internet-development)
  * [Database Access](/about/apps/#database-access)
  * [Desktop GUIs](/about/apps/#desktop-guis)
  * [Scientific & Numeric](/about/apps/#scientific-and-numeric)
  * [Education](/about/apps/#education)
  * [Network Programming](/about/apps/#network-programming)
  * [Software & Game Development](/about/apps/#software-development)



## Open-source

Python is developed under an OSI-approved open source license, making it freely usable and distributable, even for commercial use. Python's license is administered by the [Python Software Foundation](/psf).

  * [Learn more about the license](https://docs.python.org/license.html)
  * [Python license on OSI](https://opensource.org/license/pythonsoftfoundation-php/)
  * [Learn more about the Foundation](/psf-landing/)



Can’t find what you’re looking for? [Try our comprehensive Help section](/about/help/)

## Latest News

[More](https://blog.python.org "More News")

  * 2026-09-15 [Announcing the PSF Strategic Plan 2026](https://pyfound.blogspot.com/2026/09/announcing-psf-strategic-plan-2026.html)
  * 2026-09-01 [The 2026 PSF Board Election is Open!](https://pyfound.blogspot.com/2026/09/the-2026-psf-board-election-is-open.html)
  * 2026-09-01 [Inaugural Python Packaging Council Election: Voting is now open!](https://pyfound.blogspot.com/2026/09/inaugural-python-packaging-council.html)
  * 2026-09-01 [Python 3.15.0 candidate 2 is here!](https://blog.python.org/2026/09/python-3150-rc2/)
  * 2026-08-31 [Kojo Idrissa: 2026 PSF Board Election Candidate Interview](https://pyfound.blogspot.com/2026/08/kojo-idrissa-2026-psf-board-election.html)



## Upcoming Events

[More](/events/calendars/ "More Events")

  * 2026-09-17 [PyCon Cameroon 2026](/events/python-events/2159/)
  * 2026-09-17 [Python Leiden User Group](/events/python-user-group/2207/)
  * 2026-09-17 [Python Leiden User Group ](/events/python-user-group/2204/)
  * 2026-09-23 [Django on the Med 2026](/events/python-user-group/2208/)
  * 2026-09-26 [PythonCamp Rügen 2026](/events/python-user-group/2182/)



##  >>> [Python Software Foundation](/psf/)

The mission of the Python Software Foundation is to promote, protect, and advance the Python programming language, and to support and facilitate the growth of a diverse and international community of Python programmers. [Learn more](/psf/)

[Become a Member](/psf/membership/) [Donate to the PSF](/psf/donations/)
